// Jest Snapshot v1, https://goo.gl/fbAQLP

exports[`Pagination Component Renders Snapshot Buttons 1`] = `
<div>
  <ul
    class="flex justify-center items-center gap-2"
  >
    <li
      class="p-3 border rounded-md hover:bg-black-600 group transition-all cursor-pointer false"
      role="prevButton"
    >
      <svg
        class="group-hover:fill-gray-500"
        height="20"
        viewBox="0 0 320 512"
        width="20"
      >
        <path
          d="M9.4 233.4c-12.5 12.5-12.5 32.8 0 45.3l192 192c12.5 12.5 32.8 12.5 45.3 0s12.5-32.8 0-45.3L77.3 256 246.6 86.6c12.5-12.5 12.5-32.8 0-45.3s-32.8-12.5-45.3 0l-192 192z"
        />
      </svg>
    </li>
    <li
      class="text-lg px-4 py-2 border rounded-md hover:bg-black-600 hover:text-gray-500 transition-all cursor-pointer false"
    >
      1
    </li>
    <li
      class="text-lg px-4 py-2 border rounded-md hover:bg-black-600 hover:text-gray-500 transition-all cursor-pointer false"
    >
      2
    </li>
    <li
      class="text-lg px-4 py-2 border rounded-md hover:bg-black-600 hover:text-gray-500 transition-all cursor-pointer text-gray-500 bg-pink-600"
    >
      3
    </li>
    <li
      class="text-lg px-4 py-2 border rounded-md hover:bg-black-600 hover:text-gray-500 transition-all cursor-pointer false"
    >
      4
    </li>
    <li
      class="text-lg px-4 py-2 border rounded-md hover:bg-black-600 hover:text-gray-500 transition-all cursor-pointer false"
    >
      5
    </li>
    <li
      class="p-3  border rounded-md hover:bg-black-600 group transition-all cursor-pointer false"
      role="nextButton"
    >
      <svg
        class=" group-hover:fill-white-500"
        height="20"
        viewBox="0 0 320 512"
        width="20"
      >
        <path
          d="M310.6 233.4c12.5 12.5 12.5 32.8 0 45.3l-192 192c-12.5 12.5-32.8 12.5-45.3 0s-12.5-32.8 0-45.3L242.7 256 73.4 86.6c-12.5-12.5-12.5-32.8 0-45.3s32.8-12.5 45.3 0l192 192z"
        />
      </svg>
    </li>
  </ul>
</div>
`;
