// Jest Snapshot v1, https://goo.gl/fbAQLP

exports[`Button Component Renders Snapshot Buttons 1`] = `
<div>
  <input
    class="   bg-gray-50 border border-gray-300 text-gray-900 text-sm rounded-lg   focus:ring-pink-500 focus:border-pink-500 block w-full pl-10 p-2.5    dark:bg-gray-700 dark:border-gray-600 dark:placeholder-gray-400    dark:text-white dark:focus:ring-pink-500 dark:focus:border-pink-500   "
    placeholder="Enter text"
    type="text"
    value=""
  />
</div>
`;
